W0330 23:14:18.840000 3491240 torch/utils/flop_counter.py:29] triton not found; flop counting will not work for triton kernels
Warning: You are sending unauthenticated requests to the HF Hub. Please set a HF_TOKEN to enable higher rate limits and faster downloads.
Loading weights:   0%|          | 0/199 [00:00<?, ?it/s]Loading weights:   1%|          | 2/199 [00:00<00:18, 10.64it/s]Loading weights: 100%|██████████| 199/199 [00:00<00:00, 1032.43it/s]
[1mMPNetModel LOAD REPORT[0m from: sentence-transformers/multi-qa-mpnet-base-dot-v1
Key                     | Status     |  | 
------------------------+------------+--+-
embeddings.position_ids | UNEXPECTED |  | 

Notes:
- UNEXPECTED:	can be ignored when loading from different task/architecture; not ok if you expect identical arch.
/scratch/rashadb/EmpathyPrediction_Replication/env/lib/python3.11/site-packages/torchmetrics/utilities/prints.py:43: UserWarning: Metric `SpearmanCorrcoef` will save all targets and predictions in the buffer. For large datasets, this may lead to large memory footprint.
  warnings.warn(*args, **kwargs)
GPU available: True (cuda), used: True
TPU available: False, using: 0 TPU cores
💡 Tip: For seamless cloud logging and experiment tracking, try installing [litlogger](https://pypi.org/project/litlogger/) to enable LitLogger, which logs metrics and artifacts automatically to the Lightning Experiments platform.
Initializing distributed: GLOBAL_RANK: 0, MEMBER: 1/1
----------------------------------------------------------------------------------------------------
distributed_backend=nccl
All distributed processes registered. Starting with 1 processes
----------------------------------------------------------------------------------------------------

LOCAL_RANK: 0 - CUDA_VISIBLE_DEVICES: [0]
Loading `train_dataloader` to estimate number of stepping batches.
/scratch/rashadb/EmpathyPrediction_Replication/env/lib/python3.11/site-packages/pytorch_lightning/utilities/_pytree.py:21: `isinstance(treespec, LeafSpec)` is deprecated, use `isinstance(treespec, TreeSpec) and treespec.is_leaf()` instead.
┏━━━┳━━━━━━━━━━━┳━━━━━━━━━━━━━━━━━━━━━┳━━━━━━━━┳━━━━━━━┳━━━━━━━┓
┃   ┃ Name      ┃ Type                ┃ Params ┃ Mode  ┃ FLOPs ┃
┡━━━╇━━━━━━━━━━━╇━━━━━━━━━━━━━━━━━━━━━╇━━━━━━━━╇━━━━━━━╇━━━━━━━┩
│ 0 │ model     │ SentenceTransformer │  109 M │ train │     0 │
│ 1 │ mlp       │ EmpathyMLP          │  1.5 M │ train │     0 │
│ 2 │ f1_score  │ BinaryF1Score       │      0 │ train │     0 │
│ 3 │ spearman  │ SpearmanCorrCoef    │      0 │ train │     0 │
│ 4 │ pearson   │ PearsonCorrCoef     │      0 │ train │     0 │
│ 5 │ precision │ BinaryPrecision     │      0 │ train │     0 │
│ 6 │ recall    │ BinaryRecall        │      0 │ train │     0 │
│ 7 │ mse       │ MeanSquaredError    │      0 │ train │     0 │
│ 8 │ accuracy  │ BinaryAccuracy      │      0 │ train │     0 │
└───┴───────────┴─────────────────────┴────────┴───────┴───────┘
Trainable params: 111 M                                                         
Non-trainable params: 0                                                         
Total params: 111 M                                                             
Total estimated model params size (MB): 444                                     
Modules in train mode: 20                                                       
Modules in eval mode: 216                                                       
Total FLOPs: 0                                                                  
SLURM auto-requeueing enabled. Setting signal handlers.
/scratch/rashadb/EmpathyPrediction_Replication/env/lib/python3.11/site-packages/pytorch_lightning/trainer/connectors/logger_connector/result.py:433: It is recommended to use `self.log('val_loss', ..., sync_dist=True)` when logging on epoch level in distributed setting to accumulate the metric across devices.
/scratch/rashadb/EmpathyPrediction_Replication/env/lib/python3.11/site-packages/pytorch_lightning/loops/fit_loop.py:534: Found 216 module(s) in eval mode at the start of training. This may lead to unexpected behavior during training. If this is intentional, you can ignore this warning.
/scratch/rashadb/EmpathyPrediction_Replication/env/lib/python3.11/site-packages/torch/autograd/graph.py:869: UserWarning: The AccumulateGrad node's stream does not match the stream of the node that produced the incoming gradient. This may incur unnecessary synchronization and break CUDA graph capture if the AccumulateGrad node's stream is the default stream. This mismatch is caused by an AccumulateGrad node created prior to the current iteration being kept alive. This can happen if the autograd graph is still being kept alive by tensors such as the loss, or if you are using DDP, which will stash a reference to the node. To resolve the mismatch, delete all references to the autograd graph or ensure that DDP initialization is performed under the same stream as subsequent forwards. If the mismatch is intentional, you can use torch.autograd.graph.set_warn_on_accumulate_grad_stream_mismatch(False) to suppress this warning. (Triggered internally at /tmp/build_wheels_tmp.5682/python-3.11/torch/torch/csrc/autograd/input_buffer.cpp:240.)
  return Variable._execution_engine.run_backward(  # Calls into the C++ engine to run the backward pass
`Trainer.fit` stopped: `max_epochs=100` reached.
Epoch 99/99 ━━━━━━━━━━━━━━━━━━━ 303/303 0:00:15 • 0:00:00 20.66it/s v_num: 1.000
LOCAL_RANK: 0 - CUDA_VISIBLE_DEVICES: [0]
SLURM auto-requeueing enabled. Setting signal handlers.
/scratch/rashadb/EmpathyPrediction_Replication/env/lib/python3.11/site-packages/pytorch_lightning/trainer/connectors/logger_connector/result.py:433: It is recommended to use `self.log('eval_loss', ..., sync_dist=True)` when logging on epoch level in distributed setting to accumulate the metric across devices.
┏━━━━━━━━━━━━━━━━━━━━━━━━━━━┳━━━━━━━━━━━━━━━━━━━━━━━━━━━┓
┃        Test metric        ┃       DataLoader 0        ┃
┡━━━━━━━━━━━━━━━━━━━━━━━━━━━╇━━━━━━━━━━━━━━━━━━━━━━━━━━━┩
│       eval_accuracy       │    0.6825153231620789     │
│          eval_f1          │    0.7428571581840515     │
│         eval_loss         │    0.08542352169752121    │
│         eval_mse          │    0.08542352169752121    │
│       eval_pearson        │    0.40151190757751465    │
│      eval_precision       │    0.7475000023841858     │
│        eval_recall        │    0.7382715940475464     │
│       eval_spearman       │    0.4036542475223541     │
└───────────────────────────┴───────────────────────────┘
Testing ━━━━━━━━━━━━━━━━━━━━━━━━━━━━━━━━━━━━ 82/82 0:00:01 • 0:00:00 50.97it/s 
Loading weights:   0%|          | 0/199 [00:00<?, ?it/s]Loading weights: 100%|██████████| 199/199 [00:00<00:00, 8881.13it/s]
[1mMPNetModel LOAD REPORT[0m from: sentence-transformers/multi-qa-mpnet-base-dot-v1
Key                     | Status     |  | 
------------------------+------------+--+-
embeddings.position_ids | UNEXPECTED |  | 

Notes:
- UNEXPECTED:	can be ignored when loading from different task/architecture; not ok if you expect identical arch.
GPU available: True (cuda), used: True
TPU available: False, using: 0 TPU cores
💡 Tip: For seamless cloud logging and experiment tracking, try installing [litlogger](https://pypi.org/project/litlogger/) to enable LitLogger, which logs metrics and artifacts automatically to the Lightning Experiments platform.
LOCAL_RANK: 0 - CUDA_VISIBLE_DEVICES: [0]
Loading `train_dataloader` to estimate number of stepping batches.
┏━━━┳━━━━━━━━━━━┳━━━━━━━━━━━━━━━━━━━━━┳━━━━━━━━┳━━━━━━━┳━━━━━━━┓
┃   ┃ Name      ┃ Type                ┃ Params ┃ Mode  ┃ FLOPs ┃
┡━━━╇━━━━━━━━━━━╇━━━━━━━━━━━━━━━━━━━━━╇━━━━━━━━╇━━━━━━━╇━━━━━━━┩
│ 0 │ model     │ SentenceTransformer │  109 M │ train │     0 │
│ 1 │ mlp       │ EmpathyMLP          │  1.5 M │ train │     0 │
│ 2 │ f1_score  │ BinaryF1Score       │      0 │ train │     0 │
│ 3 │ spearman  │ SpearmanCorrCoef    │      0 │ train │     0 │
│ 4 │ pearson   │ PearsonCorrCoef     │      0 │ train │     0 │
│ 5 │ precision │ BinaryPrecision     │      0 │ train │     0 │
│ 6 │ recall    │ BinaryRecall        │      0 │ train │     0 │
│ 7 │ mse       │ MeanSquaredError    │      0 │ train │     0 │
│ 8 │ accuracy  │ BinaryAccuracy      │      0 │ train │     0 │
└───┴───────────┴─────────────────────┴────────┴───────┴───────┘
Trainable params: 111 M                                                         
Non-trainable params: 0                                                         
Total params: 111 M                                                             
Total estimated model params size (MB): 444                                     
Modules in train mode: 20                                                       
Modules in eval mode: 216                                                       
Total FLOPs: 0                                                                  
SLURM auto-requeueing enabled. Setting signal handlers.
`Trainer.fit` stopped: `max_epochs=400` reached.
Epoch 399/399 ━━━━━━━━━━━━━━━━━ 303/303 0:00:16 • 0:00:00 19.61it/s v_num: 1.000
LOCAL_RANK: 0 - CUDA_VISIBLE_DEVICES: [0]
SLURM auto-requeueing enabled. Setting signal handlers.
┏━━━━━━━━━━━━━━━━━━━━━━━━━━━┳━━━━━━━━━━━━━━━━━━━━━━━━━━━┓
┃        Test metric        ┃       DataLoader 0        ┃
┡━━━━━━━━━━━━━━━━━━━━━━━━━━━╇━━━━━━━━━━━━━━━━━━━━━━━━━━━┩
│       eval_accuracy       │    0.6564416885375977     │
│          eval_f1          │    0.7105942964553833     │
│         eval_loss         │    0.0999838262796402     │
│         eval_mse          │    0.0999838262796402     │
│       eval_pearson        │    0.37097159028053284    │
│      eval_precision       │    0.7452574372291565     │
│        eval_recall        │    0.6790123581886292     │
│       eval_spearman       │    0.3713783323764801     │
└───────────────────────────┴───────────────────────────┘
Testing ━━━━━━━━━━━━━━━━━━━━━━━━━━━━━━━━━━━━ 82/82 0:00:01 • 0:00:00 51.58it/s 
Loading weights:   0%|          | 0/391 [00:00<?, ?it/s]Loading weights:   1%|          | 3/391 [00:00<00:21, 18.45it/s]Loading weights: 100%|██████████| 391/391 [00:00<00:00, 1953.42it/s]
[1mBertModel LOAD REPORT[0m from: intfloat/e5-large-v2
Key                     | Status     |  | 
------------------------+------------+--+-
embeddings.position_ids | UNEXPECTED |  | 

Notes:
- UNEXPECTED:	can be ignored when loading from different task/architecture; not ok if you expect identical arch.
GPU available: True (cuda), used: True
TPU available: False, using: 0 TPU cores
💡 Tip: For seamless cloud logging and experiment tracking, try installing [litlogger](https://pypi.org/project/litlogger/) to enable LitLogger, which logs metrics and artifacts automatically to the Lightning Experiments platform.
LOCAL_RANK: 0 - CUDA_VISIBLE_DEVICES: [0]
Loading `train_dataloader` to estimate number of stepping batches.
┏━━━┳━━━━━━━━━━━┳━━━━━━━━━━━━━━━━━━━━━┳━━━━━━━━┳━━━━━━━┳━━━━━━━┓
┃   ┃ Name      ┃ Type                ┃ Params ┃ Mode  ┃ FLOPs ┃
┡━━━╇━━━━━━━━━━━╇━━━━━━━━━━━━━━━━━━━━━╇━━━━━━━━╇━━━━━━━╇━━━━━━━┩
│ 0 │ model     │ SentenceTransformer │  335 M │ train │     0 │
│ 1 │ mlp       │ EmpathyMLP          │  2.7 M │ train │     0 │
│ 2 │ f1_score  │ BinaryF1Score       │      0 │ train │     0 │
│ 3 │ spearman  │ SpearmanCorrCoef    │      0 │ train │     0 │
│ 4 │ pearson   │ PearsonCorrCoef     │      0 │ train │     0 │
│ 5 │ precision │ BinaryPrecision     │      0 │ train │     0 │
│ 6 │ recall    │ BinaryRecall        │      0 │ train │     0 │
│ 7 │ mse       │ MeanSquaredError    │      0 │ train │     0 │
│ 8 │ accuracy  │ BinaryAccuracy      │      0 │ train │     0 │
└───┴───────────┴─────────────────────┴────────┴───────┴───────┘
Trainable params: 337 M                                                         
Non-trainable params: 0                                                         
Total params: 337 M                                                             
Total estimated model params size (MB): 1.4 K                                   
Modules in train mode: 21                                                       
Modules in eval mode: 444                                                       
Total FLOPs: 0                                                                  
SLURM auto-requeueing enabled. Setting signal handlers.
/scratch/rashadb/EmpathyPrediction_Replication/env/lib/python3.11/site-packages/pytorch_lightning/loops/fit_loop.py:534: Found 444 module(s) in eval mode at the start of training. This may lead to unexpected behavior during training. If this is intentional, you can ignore this warning.
`Trainer.fit` stopped: `max_epochs=100` reached.
Epoch 99/99 ━━━━━━━━━━━━━━━━━━━ 303/303 0:00:25 • 0:00:00 12.36it/s v_num: 1.000
LOCAL_RANK: 0 - CUDA_VISIBLE_DEVICES: [0]
SLURM auto-requeueing enabled. Setting signal handlers.
┏━━━━━━━━━━━━━━━━━━━━━━━━━━━┳━━━━━━━━━━━━━━━━━━━━━━━━━━━┓
┃        Test metric        ┃       DataLoader 0        ┃
┡━━━━━━━━━━━━━━━━━━━━━━━━━━━╇━━━━━━━━━━━━━━━━━━━━━━━━━━━┩
│       eval_accuracy       │     0.657975435256958     │
│          eval_f1          │    0.7137355804443359     │
│         eval_loss         │    0.0856098160147667     │
│         eval_mse          │    0.0856098160147667     │
│       eval_pearson        │    0.4008897840976715     │
│      eval_precision       │    0.7433155179023743     │
│        eval_recall        │    0.6864197254180908     │
│       eval_spearman       │     0.39504274725914      │
└───────────────────────────┴───────────────────────────┘
Testing ━━━━━━━━━━━━━━━━━━━━━━━━━━━━━━━━━━━━ 82/82 0:00:01 • 0:00:00 48.24it/s 
W0331 02:30:39.163000 3801137 torch/utils/flop_counter.py:29] triton not found; flop counting will not work for triton kernels
Warning: You are sending unauthenticated requests to the HF Hub. Please set a HF_TOKEN to enable higher rate limits and faster downloads.
Loading weights:   0%|          | 0/199 [00:00<?, ?it/s]Loading weights: 100%|██████████| 199/199 [00:00<00:00, 8970.09it/s]
[1mMPNetModel LOAD REPORT[0m from: sentence-transformers/multi-qa-mpnet-base-dot-v1
Key                     | Status     |  | 
------------------------+------------+--+-
embeddings.position_ids | UNEXPECTED |  | 

Notes:
- UNEXPECTED:	can be ignored when loading from different task/architecture; not ok if you expect identical arch.
/scratch/rashadb/EmpathyPrediction_Replication/env/lib/python3.11/site-packages/torchmetrics/utilities/prints.py:43: UserWarning: Metric `SpearmanCorrcoef` will save all targets and predictions in the buffer. For large datasets, this may lead to large memory footprint.
  warnings.warn(*args, **kwargs)
GPU available: True (cuda), used: True
TPU available: False, using: 0 TPU cores
💡 Tip: For seamless cloud logging and experiment tracking, try installing [litlogger](https://pypi.org/project/litlogger/) to enable LitLogger, which logs metrics and artifacts automatically to the Lightning Experiments platform.
Initializing distributed: GLOBAL_RANK: 0, MEMBER: 1/1
----------------------------------------------------------------------------------------------------
distributed_backend=nccl
All distributed processes registered. Starting with 1 processes
----------------------------------------------------------------------------------------------------

LOCAL_RANK: 0 - CUDA_VISIBLE_DEVICES: [0]
Loading `train_dataloader` to estimate number of stepping batches.
/scratch/rashadb/EmpathyPrediction_Replication/env/lib/python3.11/site-packages/pytorch_lightning/utilities/_pytree.py:21: `isinstance(treespec, LeafSpec)` is deprecated, use `isinstance(treespec, TreeSpec) and treespec.is_leaf()` instead.
┏━━━┳━━━━━━━━━━━┳━━━━━━━━━━━━━━━━━━━━━┳━━━━━━━━┳━━━━━━━┳━━━━━━━┓
┃   ┃ Name      ┃ Type                ┃ Params ┃ Mode  ┃ FLOPs ┃
┡━━━╇━━━━━━━━━━━╇━━━━━━━━━━━━━━━━━━━━━╇━━━━━━━━╇━━━━━━━╇━━━━━━━┩
│ 0 │ model     │ SentenceTransformer │  109 M │ train │     0 │
│ 1 │ f1_score  │ BinaryF1Score       │      0 │ train │     0 │
│ 2 │ spearman  │ SpearmanCorrCoef    │      0 │ train │     0 │
│ 3 │ pearson   │ PearsonCorrCoef     │      0 │ train │     0 │
│ 4 │ precision │ BinaryPrecision     │      0 │ train │     0 │
│ 5 │ recall    │ BinaryRecall        │      0 │ train │     0 │
│ 6 │ mse       │ MeanSquaredError    │      0 │ train │     0 │
│ 7 │ accuracy  │ BinaryAccuracy      │      0 │ train │     0 │
└───┴───────────┴─────────────────────┴────────┴───────┴───────┘
Trainable params: 109 M                                                         
Non-trainable params: 0                                                         
Total params: 109 M                                                             
Total estimated model params size (MB): 437                                     
Modules in train mode: 10                                                       
Modules in eval mode: 216                                                       
Total FLOPs: 0                                                                  
SLURM auto-requeueing enabled. Setting signal handlers.
/scratch/rashadb/EmpathyPrediction_Replication/env/lib/python3.11/site-packages/pytorch_lightning/trainer/connectors/logger_connector/result.py:433: It is recommended to use `self.log('train_loss', ..., sync_dist=True)` when logging on epoch level in distributed setting to accumulate the metric across devices.
/scratch/rashadb/EmpathyPrediction_Replication/env/lib/python3.11/site-packages/pytorch_lightning/loops/fit_loop.py:534: Found 216 module(s) in eval mode at the start of training. This may lead to unexpected behavior during training. If this is intentional, you can ignore this warning.
/scratch/rashadb/EmpathyPrediction_Replication/env/lib/python3.11/site-packages/torch/autograd/graph.py:869: UserWarning: The AccumulateGrad node's stream does not match the stream of the node that produced the incoming gradient. This may incur unnecessary synchronization and break CUDA graph capture if the AccumulateGrad node's stream is the default stream. This mismatch is caused by an AccumulateGrad node created prior to the current iteration being kept alive. This can happen if the autograd graph is still being kept alive by tensors such as the loss, or if you are using DDP, which will stash a reference to the node. To resolve the mismatch, delete all references to the autograd graph or ensure that DDP initialization is performed under the same stream as subsequent forwards. If the mismatch is intentional, you can use torch.autograd.graph.set_warn_on_accumulate_grad_stream_mismatch(False) to suppress this warning. (Triggered internally at /tmp/build_wheels_tmp.5682/python-3.11/torch/torch/csrc/autograd/input_buffer.cpp:240.)
  return Variable._execution_engine.run_backward(  # Calls into the C++ engine to run the backward pass
`Trainer.fit` stopped: `max_epochs=50` reached.
Epoch 49/49 ━━━━━━━━━━━━━━━━━━━ 303/303 0:00:13 • 0:00:00 23.39it/s v_num: 1.000
LOCAL_RANK: 0 - CUDA_VISIBLE_DEVICES: [0]
SLURM auto-requeueing enabled. Setting signal handlers.
┏━━━━━━━━━━━━━━━━━━━━━━━━━━━┳━━━━━━━━━━━━━━━━━━━━━━━━━━━┓
┃        Test metric        ┃       DataLoader 0        ┃
┡━━━━━━━━━━━━━━━━━━━━━━━━━━━╇━━━━━━━━━━━━━━━━━━━━━━━━━━━┩
│       eval_accuracy       │    0.6733129024505615     │
│          eval_f1          │    0.7418181896209717     │
│         eval_mse          │    0.08298193663358688    │
│       eval_pearson        │    0.33892035484313965    │
│      eval_precision       │    0.7285714149475098     │
│        eval_recall        │    0.7555555701255798     │
│       eval_spearman       │    0.34453752636909485    │
│        train_loss         │    0.08298193663358688    │
└───────────────────────────┴───────────────────────────┘
Testing ━━━━━━━━━━━━━━━━━━━━━━━━━━━━━━━━━━━━ 82/82 0:00:01 • 0:00:00 45.70it/s 
Loading weights:   0%|          | 0/199 [00:00<?, ?it/s]Loading weights: 100%|██████████| 199/199 [00:00<00:00, 8356.19it/s]
[1mMPNetModel LOAD REPORT[0m from: sentence-transformers/multi-qa-mpnet-base-dot-v1
Key                     | Status     |  | 
------------------------+------------+--+-
embeddings.position_ids | UNEXPECTED |  | 

Notes:
- UNEXPECTED:	can be ignored when loading from different task/architecture; not ok if you expect identical arch.
GPU available: True (cuda), used: True
TPU available: False, using: 0 TPU cores
💡 Tip: For seamless cloud logging and experiment tracking, try installing [litlogger](https://pypi.org/project/litlogger/) to enable LitLogger, which logs metrics and artifacts automatically to the Lightning Experiments platform.
LOCAL_RANK: 0 - CUDA_VISIBLE_DEVICES: [0]
Loading `train_dataloader` to estimate number of stepping batches.
┏━━━┳━━━━━━━━━━━┳━━━━━━━━━━━━━━━━━━━━━┳━━━━━━━━┳━━━━━━━┳━━━━━━━┓
┃   ┃ Name      ┃ Type                ┃ Params ┃ Mode  ┃ FLOPs ┃
┡━━━╇━━━━━━━━━━━╇━━━━━━━━━━━━━━━━━━━━━╇━━━━━━━━╇━━━━━━━╇━━━━━━━┩
│ 0 │ model     │ SentenceTransformer │  109 M │ train │     0 │
│ 1 │ f1_score  │ BinaryF1Score       │      0 │ train │     0 │
│ 2 │ spearman  │ SpearmanCorrCoef    │      0 │ train │     0 │
│ 3 │ pearson   │ PearsonCorrCoef     │      0 │ train │     0 │
│ 4 │ precision │ BinaryPrecision     │      0 │ train │     0 │
│ 5 │ recall    │ BinaryRecall        │      0 │ train │     0 │
│ 6 │ mse       │ MeanSquaredError    │      0 │ train │     0 │
│ 7 │ accuracy  │ BinaryAccuracy      │      0 │ train │     0 │
└───┴───────────┴─────────────────────┴────────┴───────┴───────┘
Trainable params: 109 M                                                         
Non-trainable params: 0                                                         
Total params: 109 M                                                             
Total estimated model params size (MB): 437                                     
Modules in train mode: 10                                                       
Modules in eval mode: 216                                                       
Total FLOPs: 0                                                                  
SLURM auto-requeueing enabled. Setting signal handlers.
`Trainer.fit` stopped: `max_epochs=100` reached.
Epoch 99/99 ━━━━━━━━━━━━━━━━━━━ 303/303 0:00:15 • 0:00:00 20.73it/s v_num: 1.000
LOCAL_RANK: 0 - CUDA_VISIBLE_DEVICES: [0]
SLURM auto-requeueing enabled. Setting signal handlers.
┏━━━━━━━━━━━━━━━━━━━━━━━━━━━┳━━━━━━━━━━━━━━━━━━━━━━━━━━━┓
┃        Test metric        ┃       DataLoader 0        ┃
┡━━━━━━━━━━━━━━━━━━━━━━━━━━━╇━━━━━━━━━━━━━━━━━━━━━━━━━━━┩
│       eval_accuracy       │    0.6763803958892822     │
│          eval_f1          │    0.7417380809783936     │
│         eval_mse          │    0.08872109651565552    │
│       eval_pearson        │    0.33056503534317017    │
│      eval_precision       │    0.7354369163513184     │
│        eval_recall        │    0.7481481432914734     │
│       eval_spearman       │    0.3401263654232025     │
│        train_loss         │    0.08872109651565552    │
└───────────────────────────┴───────────────────────────┘
Testing ━━━━━━━━━━━━━━━━━━━━━━━━━━━━━━━━━━━━ 82/82 0:00:01 • 0:00:00 50.22it/s 
Loading weights:   0%|          | 0/199 [00:00<?, ?it/s]Loading weights: 100%|██████████| 199/199 [00:00<00:00, 7700.87it/s]
[1mMPNetModel LOAD REPORT[0m from: sentence-transformers/multi-qa-mpnet-base-dot-v1
Key                     | Status     |  | 
------------------------+------------+--+-
embeddings.position_ids | UNEXPECTED |  | 

Notes:
- UNEXPECTED:	can be ignored when loading from different task/architecture; not ok if you expect identical arch.
GPU available: True (cuda), used: True
TPU available: False, using: 0 TPU cores
💡 Tip: For seamless cloud logging and experiment tracking, try installing [litlogger](https://pypi.org/project/litlogger/) to enable LitLogger, which logs metrics and artifacts automatically to the Lightning Experiments platform.
LOCAL_RANK: 0 - CUDA_VISIBLE_DEVICES: [0]
Loading `train_dataloader` to estimate number of stepping batches.
┏━━━┳━━━━━━━━━━━┳━━━━━━━━━━━━━━━━━━━━━┳━━━━━━━━┳━━━━━━━┳━━━━━━━┓
┃   ┃ Name      ┃ Type                ┃ Params ┃ Mode  ┃ FLOPs ┃
┡━━━╇━━━━━━━━━━━╇━━━━━━━━━━━━━━━━━━━━━╇━━━━━━━━╇━━━━━━━╇━━━━━━━┩
│ 0 │ model     │ SentenceTransformer │  109 M │ train │     0 │
│ 1 │ f1_score  │ BinaryF1Score       │      0 │ train │     0 │
│ 2 │ spearman  │ SpearmanCorrCoef    │      0 │ train │     0 │
│ 3 │ pearson   │ PearsonCorrCoef     │      0 │ train │     0 │
│ 4 │ precision │ BinaryPrecision     │      0 │ train │     0 │
│ 5 │ recall    │ BinaryRecall        │      0 │ train │     0 │
│ 6 │ mse       │ MeanSquaredError    │      0 │ train │     0 │
│ 7 │ accuracy  │ BinaryAccuracy      │      0 │ train │     0 │
└───┴───────────┴─────────────────────┴────────┴───────┴───────┘
Trainable params: 109 M                                                         
Non-trainable params: 0                                                         
Total params: 109 M                                                             
Total estimated model params size (MB): 437                                     
Modules in train mode: 10                                                       
Modules in eval mode: 216                                                       
Total FLOPs: 0                                                                  
SLURM auto-requeueing enabled. Setting signal handlers.
`Trainer.fit` stopped: `max_epochs=400` reached.
Epoch 399/399 ━━━━━━━━━━━━━━━━━ 303/303 0:00:15 • 0:00:00 19.79it/s v_num: 1.000
LOCAL_RANK: 0 - CUDA_VISIBLE_DEVICES: [0]
SLURM auto-requeueing enabled. Setting signal handlers.
┏━━━━━━━━━━━━━━━━━━━━━━━━━━━┳━━━━━━━━━━━━━━━━━━━━━━━━━━━┓
┃        Test metric        ┃       DataLoader 0        ┃
┡━━━━━━━━━━━━━━━━━━━━━━━━━━━╇━━━━━━━━━━━━━━━━━━━━━━━━━━━┩
│       eval_accuracy       │    0.6641104221343994     │
│          eval_f1          │    0.7312883138656616     │
│         eval_mse          │    0.09308625757694244    │
│       eval_pearson        │    0.3090507388114929     │
│      eval_precision       │    0.7268292903900146     │
│        eval_recall        │    0.7358024716377258     │
│       eval_spearman       │    0.31308257579803467    │
│        train_loss         │    0.09308625757694244    │
└───────────────────────────┴───────────────────────────┘
Testing ━━━━━━━━━━━━━━━━━━━━━━━━━━━━━━━━━━━━ 82/82 0:00:01 • 0:00:00 45.79it/s 
Loading weights:   0%|          | 0/391 [00:00<?, ?it/s]Loading weights: 100%|██████████| 391/391 [00:00<00:00, 14249.85it/s]
[1mBertModel LOAD REPORT[0m from: intfloat/e5-large-v2
Key                     | Status     |  | 
------------------------+------------+--+-
embeddings.position_ids | UNEXPECTED |  | 

Notes:
- UNEXPECTED:	can be ignored when loading from different task/architecture; not ok if you expect identical arch.
GPU available: True (cuda), used: True
TPU available: False, using: 0 TPU cores
💡 Tip: For seamless cloud logging and experiment tracking, try installing [litlogger](https://pypi.org/project/litlogger/) to enable LitLogger, which logs metrics and artifacts automatically to the Lightning Experiments platform.
LOCAL_RANK: 0 - CUDA_VISIBLE_DEVICES: [0]
Loading `train_dataloader` to estimate number of stepping batches.
┏━━━┳━━━━━━━━━━━┳━━━━━━━━━━━━━━━━━━━━━┳━━━━━━━━┳━━━━━━━┳━━━━━━━┓
┃   ┃ Name      ┃ Type                ┃ Params ┃ Mode  ┃ FLOPs ┃
┡━━━╇━━━━━━━━━━━╇━━━━━━━━━━━━━━━━━━━━━╇━━━━━━━━╇━━━━━━━╇━━━━━━━┩
│ 0 │ model     │ SentenceTransformer │  335 M │ train │     0 │
│ 1 │ f1_score  │ BinaryF1Score       │      0 │ train │     0 │
│ 2 │ spearman  │ SpearmanCorrCoef    │      0 │ train │     0 │
│ 3 │ pearson   │ PearsonCorrCoef     │      0 │ train │     0 │
│ 4 │ precision │ BinaryPrecision     │      0 │ train │     0 │
│ 5 │ recall    │ BinaryRecall        │      0 │ train │     0 │
│ 6 │ mse       │ MeanSquaredError    │      0 │ train │     0 │
│ 7 │ accuracy  │ BinaryAccuracy      │      0 │ train │     0 │
└───┴───────────┴─────────────────────┴────────┴───────┴───────┘
Trainable params: 335 M                                                         
Non-trainable params: 0                                                         
Total params: 335 M                                                             
Total estimated model params size (MB): 1.3 K                                   
Modules in train mode: 11                                                       
Modules in eval mode: 444                                                       
Total FLOPs: 0                                                                  
SLURM auto-requeueing enabled. Setting signal handlers.
/scratch/rashadb/EmpathyPrediction_Replication/env/lib/python3.11/site-packages/pytorch_lightning/loops/fit_loop.py:534: Found 444 module(s) in eval mode at the start of training. This may lead to unexpected behavior during training. If this is intentional, you can ignore this warning.
`Trainer.fit` stopped: `max_epochs=100` reached.
Epoch 99/99 ━━━━━━━━━━━━━━━━━━━ 303/303 0:00:23 • 0:00:00 13.12it/s v_num: 1.000
LOCAL_RANK: 0 - CUDA_VISIBLE_DEVICES: [0]
SLURM auto-requeueing enabled. Setting signal handlers.
┏━━━━━━━━━━━━━━━━━━━━━━━━━━━┳━━━━━━━━━━━━━━━━━━━━━━━━━━━┓
┃        Test metric        ┃       DataLoader 0        ┃
┡━━━━━━━━━━━━━━━━━━━━━━━━━━━╇━━━━━━━━━━━━━━━━━━━━━━━━━━━┩
│       eval_accuracy       │    0.6349693536758423     │
│          eval_f1          │    0.7024999856948853     │
│         eval_mse          │    0.09582746773958206    │
│       eval_pearson        │    0.2822665572166443     │
│      eval_precision       │    0.7113924026489258     │
│        eval_recall        │    0.6938271522521973     │
│       eval_spearman       │    0.2686076760292053     │
│        train_loss         │    0.09582746773958206    │
└───────────────────────────┴───────────────────────────┘
Testing ━━━━━━━━━━━━━━━━━━━━━━━━━━━━━━━━━━━━ 82/82 0:00:01 • 0:00:00 49.65it/s 
W0331 05:52:28.293000 58368 torch/utils/flop_counter.py:29] triton not found; flop counting will not work for triton kernels
Warning: You are sending unauthenticated requests to the HF Hub. Please set a HF_TOKEN to enable higher rate limits and faster downloads.
Loading weights:   0%|          | 0/199 [00:00<?, ?it/s]Loading weights: 100%|██████████| 199/199 [00:00<00:00, 10209.99it/s]
[1mMPNetModel LOAD REPORT[0m from: sentence-transformers/multi-qa-mpnet-base-dot-v1
Key                     | Status     |  | 
------------------------+------------+--+-
embeddings.position_ids | UNEXPECTED |  | 

Notes:
- UNEXPECTED:	can be ignored when loading from different task/architecture; not ok if you expect identical arch.
/scratch/rashadb/EmpathyPrediction_Replication/env/lib/python3.11/site-packages/torchmetrics/utilities/prints.py:43: UserWarning: Metric `SpearmanCorrcoef` will save all targets and predictions in the buffer. For large datasets, this may lead to large memory footprint.
  warnings.warn(*args, **kwargs)
GPU available: True (cuda), used: True
TPU available: False, using: 0 TPU cores
💡 Tip: For seamless cloud logging and experiment tracking, try installing [litlogger](https://pypi.org/project/litlogger/) to enable LitLogger, which logs metrics and artifacts automatically to the Lightning Experiments platform.
Initializing distributed: GLOBAL_RANK: 0, MEMBER: 1/1
----------------------------------------------------------------------------------------------------
distributed_backend=nccl
All distributed processes registered. Starting with 1 processes
----------------------------------------------------------------------------------------------------

LOCAL_RANK: 0 - CUDA_VISIBLE_DEVICES: [0]
Loading `train_dataloader` to estimate number of stepping batches.
/scratch/rashadb/EmpathyPrediction_Replication/env/lib/python3.11/site-packages/pytorch_lightning/utilities/_pytree.py:21: `isinstance(treespec, LeafSpec)` is deprecated, use `isinstance(treespec, TreeSpec) and treespec.is_leaf()` instead.
┏━━━┳━━━━━━━━━━━┳━━━━━━━━━━━━━━━━━━━━━┳━━━━━━━━┳━━━━━━━┳━━━━━━━┓
┃   ┃ Name      ┃ Type                ┃ Params ┃ Mode  ┃ FLOPs ┃
┡━━━╇━━━━━━━━━━━╇━━━━━━━━━━━━━━━━━━━━━╇━━━━━━━━╇━━━━━━━╇━━━━━━━┩
│ 0 │ model     │ SentenceTransformer │  109 M │ train │     0 │
│ 1 │ mlp       │ EmpathyMLP          │  369 K │ train │     0 │
│ 2 │ f1_score  │ BinaryF1Score       │      0 │ train │     0 │
│ 3 │ spearman  │ SpearmanCorrCoef    │      0 │ train │     0 │
│ 4 │ pearson   │ PearsonCorrCoef     │      0 │ train │     0 │
│ 5 │ precision │ BinaryPrecision     │      0 │ train │     0 │
│ 6 │ recall    │ BinaryRecall        │      0 │ train │     0 │
│ 7 │ mse       │ MeanSquaredError    │      0 │ train │     0 │
│ 8 │ accuracy  │ BinaryAccuracy      │      0 │ train │     0 │
└───┴───────────┴─────────────────────┴────────┴───────┴───────┘
Trainable params: 109 M                                                         
Non-trainable params: 0                                                         
Total params: 109 M                                                             
Total estimated model params size (MB): 439                                     
Modules in train mode: 18                                                       
Modules in eval mode: 216                                                       
Total FLOPs: 0                                                                  
SLURM auto-requeueing enabled. Setting signal handlers.
/scratch/rashadb/EmpathyPrediction_Replication/env/lib/python3.11/site-packages/pytorch_lightning/trainer/connectors/logger_connector/result.py:433: It is recommended to use `self.log('val_loss', ..., sync_dist=True)` when logging on epoch level in distributed setting to accumulate the metric across devices.
/scratch/rashadb/EmpathyPrediction_Replication/env/lib/python3.11/site-packages/pytorch_lightning/loops/fit_loop.py:534: Found 216 module(s) in eval mode at the start of training. This may lead to unexpected behavior during training. If this is intentional, you can ignore this warning.
/scratch/rashadb/EmpathyPrediction_Replication/env/lib/python3.11/site-packages/torch/autograd/graph.py:869: UserWarning: The AccumulateGrad node's stream does not match the stream of the node that produced the incoming gradient. This may incur unnecessary synchronization and break CUDA graph capture if the AccumulateGrad node's stream is the default stream. This mismatch is caused by an AccumulateGrad node created prior to the current iteration being kept alive. This can happen if the autograd graph is still being kept alive by tensors such as the loss, or if you are using DDP, which will stash a reference to the node. To resolve the mismatch, delete all references to the autograd graph or ensure that DDP initialization is performed under the same stream as subsequent forwards. If the mismatch is intentional, you can use torch.autograd.graph.set_warn_on_accumulate_grad_stream_mismatch(False) to suppress this warning. (Triggered internally at /tmp/build_wheels_tmp.5682/python-3.11/torch/torch/csrc/autograd/input_buffer.cpp:240.)
  return Variable._execution_engine.run_backward(  # Calls into the C++ engine to run the backward pass
`Trainer.fit` stopped: `max_epochs=400` reached.
Epoch 399/399 ━━━━━━━━━━━━━━━━━ 303/303 0:00:08 • 0:00:00 35.84it/s v_num: 1.000
LOCAL_RANK: 0 - CUDA_VISIBLE_DEVICES: [0]
SLURM auto-requeueing enabled. Setting signal handlers.
/scratch/rashadb/EmpathyPrediction_Replication/env/lib/python3.11/site-packages/pytorch_lightning/trainer/connectors/logger_connector/result.py:433: It is recommended to use `self.log('eval_loss', ..., sync_dist=True)` when logging on epoch level in distributed setting to accumulate the metric across devices.
┏━━━━━━━━━━━━━━━━━━━━━━━━━━━┳━━━━━━━━━━━━━━━━━━━━━━━━━━━┓
┃        Test metric        ┃       DataLoader 0        ┃
┡━━━━━━━━━━━━━━━━━━━━━━━━━━━╇━━━━━━━━━━━━━━━━━━━━━━━━━━━┩
│       eval_accuracy       │    0.5858895778656006     │
│          eval_f1          │    0.6896551847457886     │
│         eval_loss         │    0.0891442596912384     │
│         eval_mse          │    0.0891442596912384     │
│       eval_pearson        │    0.14839646220207214    │
│      eval_precision       │    0.6451612710952759     │
│        eval_recall        │    0.7407407164573669     │
│       eval_spearman       │     0.140371173620224     │
└───────────────────────────┴───────────────────────────┘
Testing ━━━━━━━━━━━━━━━━━━━━━━━━━━━━━━━━━━━━ 82/82 0:00:01 • 0:00:00 67.99it/s 
W0331 06:56:36.585000 1645282 torch/utils/flop_counter.py:29] triton not found; flop counting will not work for triton kernels
Warning: You are sending unauthenticated requests to the HF Hub. Please set a HF_TOKEN to enable higher rate limits and faster downloads.
Loading weights:   0%|          | 0/199 [00:00<?, ?it/s]Loading weights: 100%|██████████| 199/199 [00:00<00:00, 11223.01it/s]
[1mMPNetModel LOAD REPORT[0m from: sentence-transformers/multi-qa-mpnet-base-dot-v1
Key                     | Status     |  | 
------------------------+------------+--+-
embeddings.position_ids | UNEXPECTED |  | 

Notes:
- UNEXPECTED:	can be ignored when loading from different task/architecture; not ok if you expect identical arch.
/scratch/rashadb/EmpathyPrediction_Replication/env/lib/python3.11/site-packages/torchmetrics/utilities/prints.py:43: UserWarning: Metric `SpearmanCorrcoef` will save all targets and predictions in the buffer. For large datasets, this may lead to large memory footprint.
  warnings.warn(*args, **kwargs)
GPU available: True (cuda), used: True
TPU available: False, using: 0 TPU cores
💡 Tip: For seamless cloud logging and experiment tracking, try installing [litlogger](https://pypi.org/project/litlogger/) to enable LitLogger, which logs metrics and artifacts automatically to the Lightning Experiments platform.
Initializing distributed: GLOBAL_RANK: 0, MEMBER: 1/1
----------------------------------------------------------------------------------------------------
distributed_backend=nccl
All distributed processes registered. Starting with 1 processes
----------------------------------------------------------------------------------------------------

LOCAL_RANK: 0 - CUDA_VISIBLE_DEVICES: [0]
Loading `train_dataloader` to estimate number of stepping batches.
/scratch/rashadb/EmpathyPrediction_Replication/env/lib/python3.11/site-packages/pytorch_lightning/utilities/_pytree.py:21: `isinstance(treespec, LeafSpec)` is deprecated, use `isinstance(treespec, TreeSpec) and treespec.is_leaf()` instead.
┏━━━┳━━━━━━━━━━━┳━━━━━━━━━━━━━━━━━━━━━┳━━━━━━━━┳━━━━━━━┳━━━━━━━┓
┃   ┃ Name      ┃ Type                ┃ Params ┃ Mode  ┃ FLOPs ┃
┡━━━╇━━━━━━━━━━━╇━━━━━━━━━━━━━━━━━━━━━╇━━━━━━━━╇━━━━━━━╇━━━━━━━┩
│ 0 │ model     │ SentenceTransformer │  109 M │ train │     0 │
│ 1 │ mlp       │ EmpathyMLP          │  1.5 M │ train │     0 │
│ 2 │ f1_score  │ BinaryF1Score       │      0 │ train │     0 │
│ 3 │ spearman  │ SpearmanCorrCoef    │      0 │ train │     0 │
│ 4 │ pearson   │ PearsonCorrCoef     │      0 │ train │     0 │
│ 5 │ precision │ BinaryPrecision     │      0 │ train │     0 │
│ 6 │ recall    │ BinaryRecall        │      0 │ train │     0 │
│ 7 │ mse       │ MeanSquaredError    │      0 │ train │     0 │
│ 8 │ accuracy  │ BinaryAccuracy      │      0 │ train │     0 │
└───┴───────────┴─────────────────────┴────────┴───────┴───────┘
Trainable params: 111 M                                                         
Non-trainable params: 0                                                         
Total params: 111 M                                                             
Total estimated model params size (MB): 444                                     
Modules in train mode: 20                                                       
Modules in eval mode: 216                                                       
Total FLOPs: 0                                                                  
SLURM auto-requeueing enabled. Setting signal handlers.

[rank0]: Traceback (most recent call last):
[rank0]:   File "/scratch/rashadb/EmpathyPrediction_Replication/src/ContextModel.py", line 295, in <module>
[rank0]:     trainer.fit(model=model,train_dataloaders=[train_dl], val_dataloaders = [val_dl])
[rank0]:   File "/scratch/rashadb/EmpathyPrediction_Replication/env/lib/python3.11/site-packages/pytorch_lightning/trainer/trainer.py", line 584, in fit
[rank0]:     call._call_and_handle_interrupt(
[rank0]:   File "/scratch/rashadb/EmpathyPrediction_Replication/env/lib/python3.11/site-packages/pytorch_lightning/trainer/call.py", line 48, in _call_and_handle_interrupt
[rank0]:     return trainer.strategy.launcher.launch(trainer_fn, *args, trainer=trainer, **kwargs)
[rank0]:            ^^^^^^^^^^^^^^^^^^^^^^^^^^^^^^^^^^^^^^^^^^^^^^^^^^^^^^^^^^^^^^^^^^^^^^^^^^^^^^
[rank0]:   File "/scratch/rashadb/EmpathyPrediction_Replication/env/lib/python3.11/site-packages/pytorch_lightning/strategies/launchers/subprocess_script.py", line 105, in launch
[rank0]:     return function(*args, **kwargs)
[rank0]:            ^^^^^^^^^^^^^^^^^^^^^^^^^
[rank0]:   File "/scratch/rashadb/EmpathyPrediction_Replication/env/lib/python3.11/site-packages/pytorch_lightning/trainer/trainer.py", line 630, in _fit_impl
[rank0]:     self._run(model, ckpt_path=ckpt_path, weights_only=weights_only)
[rank0]:   File "/scratch/rashadb/EmpathyPrediction_Replication/env/lib/python3.11/site-packages/pytorch_lightning/trainer/trainer.py", line 1079, in _run
[rank0]:     results = self._run_stage()
[rank0]:               ^^^^^^^^^^^^^^^^^
[rank0]:   File "/scratch/rashadb/EmpathyPrediction_Replication/env/lib/python3.11/site-packages/pytorch_lightning/trainer/trainer.py", line 1121, in _run_stage
[rank0]:     self._run_sanity_check()
[rank0]:   File "/scratch/rashadb/EmpathyPrediction_Replication/env/lib/python3.11/site-packages/pytorch_lightning/trainer/trainer.py", line 1150, in _run_sanity_check
[rank0]:     val_loop.run()
[rank0]:   File "/scratch/rashadb/EmpathyPrediction_Replication/env/lib/python3.11/site-packages/pytorch_lightning/loops/utilities.py", line 179, in _decorator
[rank0]:     return loop_run(self, *args, **kwargs)
[rank0]:            ^^^^^^^^^^^^^^^^^^^^^^^^^^^^^^^
[rank0]:   File "/scratch/rashadb/EmpathyPrediction_Replication/env/lib/python3.11/site-packages/pytorch_lightning/loops/evaluation_loop.py", line 146, in run
[rank0]:     self._evaluation_step(batch, batch_idx, dataloader_idx, dataloader_iter)
[rank0]:   File "/scratch/rashadb/EmpathyPrediction_Replication/env/lib/python3.11/site-packages/pytorch_lightning/loops/evaluation_loop.py", line 441, in _evaluation_step
[rank0]:     output = call._call_strategy_hook(trainer, hook_name, *step_args)
[rank0]:              ^^^^^^^^^^^^^^^^^^^^^^^^^^^^^^^^^^^^^^^^^^^^^^^^^^^^^^^^
[rank0]:   File "/scratch/rashadb/EmpathyPrediction_Replication/env/lib/python3.11/site-packages/pytorch_lightning/trainer/call.py", line 329, in _call_strategy_hook
[rank0]:     output = fn(*args, **kwargs)
[rank0]:              ^^^^^^^^^^^^^^^^^^^
[rank0]:   File "/scratch/rashadb/EmpathyPrediction_Replication/env/lib/python3.11/site-packages/pytorch_lightning/strategies/strategy.py", line 411, in validation_step
[rank0]:     return self._forward_redirection(self.model, self.lightning_module, "validation_step", *args, **kwargs)
[rank0]:            ^^^^^^^^^^^^^^^^^^^^^^^^^^^^^^^^^^^^^^^^^^^^^^^^^^^^^^^^^^^^^^^^^^^^^^^^^^^^^^^^^^^^^^^^^^^^^^^^
[rank0]:   File "/scratch/rashadb/EmpathyPrediction_Replication/env/lib/python3.11/site-packages/pytorch_lightning/strategies/strategy.py", line 641, in __call__
[rank0]:     wrapper_output = wrapper_module(*args, **kwargs)
[rank0]:                      ^^^^^^^^^^^^^^^^^^^^^^^^^^^^^^^
[rank0]:   File "/scratch/rashadb/EmpathyPrediction_Replication/env/lib/python3.11/site-packages/torch/nn/modules/module.py", line 1779, in _wrapped_call_impl
[rank0]:     return self._call_impl(*args, **kwargs)
[rank0]:            ^^^^^^^^^^^^^^^^^^^^^^^^^^^^^^^^
[rank0]:   File "/scratch/rashadb/EmpathyPrediction_Replication/env/lib/python3.11/site-packages/torch/nn/modules/module.py", line 1790, in _call_impl
[rank0]:     return forward_call(*args, **kwargs)
[rank0]:            ^^^^^^^^^^^^^^^^^^^^^^^^^^^^^
[rank0]:   File "/scratch/rashadb/EmpathyPrediction_Replication/env/lib/python3.11/site-packages/torch/nn/parallel/distributed.py", line 1699, in forward
[rank0]:     else self._run_ddp_forward(*inputs, **kwargs)
[rank0]:          ^^^^^^^^^^^^^^^^^^^^^^^^^^^^^^^^^^^^^^^^
[rank0]:   File "/scratch/rashadb/EmpathyPrediction_Replication/env/lib/python3.11/site-packages/torch/nn/parallel/distributed.py", line 1524, in _run_ddp_forward
[rank0]:     return self.module(*inputs, **kwargs)  # type: ignore[index]
[rank0]:            ^^^^^^^^^^^^^^^^^^^^^^^^^^^^^^
[rank0]:   File "/scratch/rashadb/EmpathyPrediction_Replication/env/lib/python3.11/site-packages/torch/nn/modules/module.py", line 1779, in _wrapped_call_impl
[rank0]:     return self._call_impl(*args, **kwargs)
[rank0]:            ^^^^^^^^^^^^^^^^^^^^^^^^^^^^^^^^
[rank0]:   File "/scratch/rashadb/EmpathyPrediction_Replication/env/lib/python3.11/site-packages/torch/nn/modules/module.py", line 1790, in _call_impl
[rank0]:     return forward_call(*args, **kwargs)
[rank0]:            ^^^^^^^^^^^^^^^^^^^^^^^^^^^^^
[rank0]:   File "/scratch/rashadb/EmpathyPrediction_Replication/env/lib/python3.11/site-packages/pytorch_lightning/strategies/strategy.py", line 634, in wrapped_forward
[rank0]:     out = method(*_args, **_kwargs)
[rank0]:           ^^^^^^^^^^^^^^^^^^^^^^^^^
[rank0]:   File "/scratch/rashadb/EmpathyPrediction_Replication/src/ContextModel.py", line 245, in validation_step
[rank0]:     r = self.eval_step(batch,batch_idx,prefix="val")
[rank0]:         ^^^^^^^^^^^^^^^^^^^^^^^^^^^^^^^^^^^^^^^^^^^^
[rank0]:   File "/scratch/rashadb/EmpathyPrediction_Replication/src/ContextModel.py", line 166, in eval_step
[rank0]:     empathy_binary = (empathy_score >= threshold).int()
[rank0]:                       ^^^^^^^^^^^^^^^^^^^^^^^^^^
[rank0]: TypeError: '>=' not supported between instances of 'str' and 'float'
srun: error: g17: task 0: Exited with exit code 1
srun: Terminating StepId=11295424.3
W0331 06:56:51.480000 1655875 torch/utils/flop_counter.py:29] triton not found; flop counting will not work for triton kernels
Warning: You are sending unauthenticated requests to the HF Hub. Please set a HF_TOKEN to enable higher rate limits and faster downloads.
Loading weights:   0%|          | 0/199 [00:00<?, ?it/s]Loading weights: 100%|██████████| 199/199 [00:00<00:00, 11513.12it/s]
[1mMPNetModel LOAD REPORT[0m from: sentence-transformers/multi-qa-mpnet-base-dot-v1
Key                     | Status     |  | 
------------------------+------------+--+-
embeddings.position_ids | UNEXPECTED |  | 

Notes:
- UNEXPECTED:	can be ignored when loading from different task/architecture; not ok if you expect identical arch.
/scratch/rashadb/EmpathyPrediction_Replication/env/lib/python3.11/site-packages/torchmetrics/utilities/prints.py:43: UserWarning: Metric `SpearmanCorrcoef` will save all targets and predictions in the buffer. For large datasets, this may lead to large memory footprint.
  warnings.warn(*args, **kwargs)
GPU available: True (cuda), used: True
TPU available: False, using: 0 TPU cores
💡 Tip: For seamless cloud logging and experiment tracking, try installing [litlogger](https://pypi.org/project/litlogger/) to enable LitLogger, which logs metrics and artifacts automatically to the Lightning Experiments platform.
Initializing distributed: GLOBAL_RANK: 0, MEMBER: 1/1
----------------------------------------------------------------------------------------------------
distributed_backend=nccl
All distributed processes registered. Starting with 1 processes
----------------------------------------------------------------------------------------------------

LOCAL_RANK: 0 - CUDA_VISIBLE_DEVICES: [0]
Loading `train_dataloader` to estimate number of stepping batches.
/scratch/rashadb/EmpathyPrediction_Replication/env/lib/python3.11/site-packages/pytorch_lightning/utilities/_pytree.py:21: `isinstance(treespec, LeafSpec)` is deprecated, use `isinstance(treespec, TreeSpec) and treespec.is_leaf()` instead.
┏━━━┳━━━━━━━━━━━┳━━━━━━━━━━━━━━━━━━━━━┳━━━━━━━━┳━━━━━━━┳━━━━━━━┓
┃   ┃ Name      ┃ Type                ┃ Params ┃ Mode  ┃ FLOPs ┃
┡━━━╇━━━━━━━━━━━╇━━━━━━━━━━━━━━━━━━━━━╇━━━━━━━━╇━━━━━━━╇━━━━━━━┩
│ 0 │ model     │ SentenceTransformer │  109 M │ train │     0 │
│ 1 │ mlp       │ EmpathyMLP          │  1.5 M │ train │     0 │
│ 2 │ f1_score  │ BinaryF1Score       │      0 │ train │     0 │
│ 3 │ spearman  │ SpearmanCorrCoef    │      0 │ train │     0 │
│ 4 │ pearson   │ PearsonCorrCoef     │      0 │ train │     0 │
│ 5 │ precision │ BinaryPrecision     │      0 │ train │     0 │
│ 6 │ recall    │ BinaryRecall        │      0 │ train │     0 │
│ 7 │ mse       │ MeanSquaredError    │      0 │ train │     0 │
│ 8 │ accuracy  │ BinaryAccuracy      │      0 │ train │     0 │
└───┴───────────┴─────────────────────┴────────┴───────┴───────┘
Trainable params: 111 M                                                         
Non-trainable params: 0                                                         
Total params: 111 M                                                             
Total estimated model params size (MB): 444                                     
Modules in train mode: 20                                                       
Modules in eval mode: 216                                                       
Total FLOPs: 0                                                                  
SLURM auto-requeueing enabled. Setting signal handlers.
/scratch/rashadb/EmpathyPrediction_Replication/env/lib/python3.11/site-packages/pytorch_lightning/trainer/connectors/logger_connector/result.py:433: It is recommended to use `self.log('val_loss', ..., sync_dist=True)` when logging on epoch level in distributed setting to accumulate the metric across devices.
/scratch/rashadb/EmpathyPrediction_Replication/env/lib/python3.11/site-packages/pytorch_lightning/loops/fit_loop.py:534: Found 216 module(s) in eval mode at the start of training. This may lead to unexpected behavior during training. If this is intentional, you can ignore this warning.
/scratch/rashadb/EmpathyPrediction_Replication/env/lib/python3.11/site-packages/torch/autograd/graph.py:869: UserWarning: The AccumulateGrad node's stream does not match the stream of the node that produced the incoming gradient. This may incur unnecessary synchronization and break CUDA graph capture if the AccumulateGrad node's stream is the default stream. This mismatch is caused by an AccumulateGrad node created prior to the current iteration being kept alive. This can happen if the autograd graph is still being kept alive by tensors such as the loss, or if you are using DDP, which will stash a reference to the node. To resolve the mismatch, delete all references to the autograd graph or ensure that DDP initialization is performed under the same stream as subsequent forwards. If the mismatch is intentional, you can use torch.autograd.graph.set_warn_on_accumulate_grad_stream_mismatch(False) to suppress this warning. (Triggered internally at /tmp/build_wheels_tmp.5682/python-3.11/torch/torch/csrc/autograd/input_buffer.cpp:240.)
  return Variable._execution_engine.run_backward(  # Calls into the C++ engine to run the backward pass
`Trainer.fit` stopped: `max_epochs=100` reached.
Epoch 99/99 ━━━━━━━━━━━━━━━━━━━ 491/491 0:00:35 • 0:00:00 13.79it/s v_num: 0.000
LOCAL_RANK: 0 - CUDA_VISIBLE_DEVICES: [0]
SLURM auto-requeueing enabled. Setting signal handlers.
/scratch/rashadb/EmpathyPrediction_Replication/env/lib/python3.11/site-packages/pytorch_lightning/trainer/connectors/logger_connector/result.py:433: It is recommended to use `self.log('eval_loss', ..., sync_dist=True)` when logging on epoch level in distributed setting to accumulate the metric across devices.
┏━━━━━━━━━━━━━━━━━━━━━━━━━━━┳━━━━━━━━━━━━━━━━━━━━━━━━━━━┓
┃        Test metric        ┃       DataLoader 0        ┃
┡━━━━━━━━━━━━━━━━━━━━━━━━━━━╇━━━━━━━━━━━━━━━━━━━━━━━━━━━┩
│       eval_accuracy       │    0.7072243094444275     │
│          eval_f1          │    0.7927321791648865     │
│         eval_loss         │    0.07244504243135452    │
│         eval_mse          │    0.07244504243135452    │
│       eval_pearson        │    0.3720003068447113     │
│      eval_precision       │    0.8124138116836548     │
│        eval_recall        │    0.7739816308021545     │
│       eval_spearman       │     0.349107950925827     │
└───────────────────────────┴───────────────────────────┘
Testing ━━━━━━━━━━━━━━━━━━━━━━━━━━━━━━━━━━ 132/132 0:00:04 • 0:00:00 32.24it/s 
